date,time,artists,venue,url,cost
2025-11-14,21:30:00,"FORTHMORNING,NORMAL LIKE YOU",Bottom of the Hill,https://www.bottomofthehill.com/,$5
2025-12-10,,DJ ROCK FOXY AND DJ GLIMMERCAT,Bottom of the Hill,https://www.bottomofthehill.com/,Free
2025-12-14,21:00:00,"THE,PHENOMENAUTS,FABULOUS,DISASTER",Bottom of the Hill,http://www.phenomenauts.com,$8
2025-12-31,21:00:00,"FUCKING,AM",Bottom of the Hill,https://www.bottomofthehill.com/,$20
2026-01-22,,"CHARLOTTE,THE BARONESS",Bottom of the Hill,https://www.bottomofthehill.com/,$5
2026-01-26,21:00:00,FILM SCHOOL,Bottom of the Hill,http://www.filmschoolmusic.com/,$10
