date,time,artists,venue,url,cost
2025-07-18,,"ADRIANA LOPEZ,ADRNLN",Reverb,https://posh.vip/e/reverb-presents-adriana-lopez,
2025-07-19,,ADRNLN,Reverb,https://posh.vip/f/34c9a,
2025-07-25,,"CRASH COURSE,ADRNLN",Reverb,https://posh.vip/e/in-the-lounge-w-crash-course,Free
2025-07-26,,"GEO,ADRNLN,CRASH COURSE",Reverb,https://posh.vip/e/reverb-presents-geo,
2025-08-02,,BOUND BY SOUND 3.0,Reverb,https://onenonlyedm.com/reverb-tickets/?fbclid=IwY2xjawK29_NleHRuA2FlbQIxMABicmlkETFzQzAybE5VeG44YU1DRk5iAR4PS_U6MHbj3aYzsdW3TFu7Tk4-KNpjMmxO7-w3z2oyd9Qj8Vu1Bf4U3qhvbw_aem_ZE-QAkdi6Ulpf2jxfrUkvg,
2025-08-08,,SHAY DE CASTRO,Reverb,https://posh.vip/e/reverb-presents-shay-de-castro,
2025-08-09,,"SKYE,FACU BAEZ",Reverb,https://posh.vip/e/reverb-presents-skye,
2025-08-16,,FACU BAEZ,Reverb,https://posh.vip/e/esta-noche-x-destino-records-presents-facu-baez,
2025-08-29,,ANOLUXX,Reverb,https://posh.vip/e/reverb-x-spin-destroy-presents-anoluxx,
